// Jest Snapshot v1, https://goo.gl/fbAQLP

exports[`Prueba de Giftem Debe hacer match con el snapshot 1`] = `
<div>
  <div
    class="card"
  >
    <img
      alt="Conejos"
      src="https://conejos.com/conejo.png"
    />
    <p>
      Conejos
    </p>
  </div>
</div>
`;
